2025-11-18 17:54:34,533 - INFO - [31m[1mWARNING: This is a development server. Do not use it in a production deployment. Use a production WSGI server instead.[0m
 * Running on http://127.0.0.1:5000
2025-11-18 17:54:34,534 - INFO - [33mPress CTRL+C to quit[0m
2025-11-18 17:54:34,550 - INFO -  * Restarting with stat
2025-11-18 17:54:36,454 - WARNING -  * Debugger is active!
2025-11-18 17:54:36,465 - INFO -  * Debugger PIN: 120-158-020
2025-11-18 18:17:00,684 - INFO - [31m[1mWARNING: This is a development server. Do not use it in a production deployment. Use a production WSGI server instead.[0m
 * Running on http://127.0.0.1:5000
2025-11-18 18:17:00,694 - INFO - [33mPress CTRL+C to quit[0m
2025-11-18 18:17:00,712 - INFO -  * Restarting with stat
2025-11-18 18:17:01,037 - WARNING -  * Debugger is active!
2025-11-18 18:17:01,042 - INFO -  * Debugger PIN: 120-158-020
2025-11-18 18:18:05,269 - INFO - Запрос: GET /series
2025-11-18 18:18:05,270 - INFO - Приложение 'Турецкие сериалы' запущено
2025-11-18 18:18:05,271 - INFO - Доступно сериалов: 2
2025-11-18 18:18:05,271 - INFO - Найдено сериалов: 2
2025-11-18 18:18:05,272 - INFO - Ответ: 200
2025-11-18 18:18:05,272 - INFO - 127.0.0.1 - - [18/Nov/2025 18:18:05] "GET /series HTTP/1.1" 200 -
2025-11-18 18:24:22,577 - INFO - [31m[1mWARNING: This is a development server. Do not use it in a production deployment. Use a production WSGI server instead.[0m
 * Running on http://127.0.0.1:5000
2025-11-18 18:24:22,577 - INFO - [33mPress CTRL+C to quit[0m
2025-11-18 18:24:22,578 - INFO -  * Restarting with stat
2025-11-18 18:24:22,863 - WARNING -  * Debugger is active!
2025-11-18 18:24:22,869 - INFO -  * Debugger PIN: 120-158-020
2025-11-18 18:24:27,648 - INFO - Запрос: GET /series
2025-11-18 18:24:27,649 - INFO - Приложение 'Турецкие сериалы' запущено
2025-11-18 18:24:27,649 - INFO - Доступно сериалов: 3
2025-11-18 18:24:27,649 - INFO - Найдено сериалов: 3
2025-11-18 18:24:27,650 - INFO - Ответ: 200
2025-11-18 18:24:27,651 - INFO - 127.0.0.1 - - [18/Nov/2025 18:24:27] "GET /series HTTP/1.1" 200 -
2025-11-18 18:31:14,080 - INFO - [31m[1mWARNING: This is a development server. Do not use it in a production deployment. Use a production WSGI server instead.[0m
 * Running on http://127.0.0.1:5000
2025-11-18 18:31:14,082 - INFO - [33mPress CTRL+C to quit[0m
2025-11-18 18:31:14,083 - INFO -  * Restarting with stat
2025-11-18 18:31:14,455 - WARNING -  * Debugger is active!
2025-11-18 18:31:14,464 - INFO -  * Debugger PIN: 120-158-020
2025-11-18 18:31:23,502 - INFO - Запрос: PUT /series
2025-11-18 18:31:23,502 - INFO - Приложение 'Турецкие сериалы' запущено
2025-11-18 18:31:23,503 - INFO - Доступно сериалов: 3
2025-11-18 18:31:23,503 - WARNING - Метод не разрешен: PUT
2025-11-18 18:31:23,503 - INFO - Ответ: 405
2025-11-18 18:31:23,505 - INFO - 127.0.0.1 - - [18/Nov/2025 18:31:23] "[31m[1mPUT /series HTTP/1.1[0m" 405 -
2025-11-18 18:31:33,531 - INFO - Запрос: GET /series
2025-11-18 18:31:33,532 - INFO - Найдено сериалов: 3
2025-11-18 18:31:33,532 - INFO - Ответ: 200
2025-11-18 18:31:33,533 - INFO - 127.0.0.1 - - [18/Nov/2025 18:31:33] "GET /series HTTP/1.1" 200 -
2025-11-18 18:31:41,899 - INFO - Запрос: PUT /series/2
2025-11-18 18:31:41,899 - ERROR - Ошибка: 415 Unsupported Media Type: Did not attempt to load JSON data because the request Content-Type was not 'application/json'.
2025-11-18 18:31:41,899 - INFO - Ответ: 500
2025-11-18 18:31:41,900 - INFO - 127.0.0.1 - - [18/Nov/2025 18:31:41] "[35m[1mPUT /series/2 HTTP/1.1[0m" 500 -
2025-11-18 18:33:51,649 - INFO -  * Detected change in 'C:\\Users\\USER\\Desktop\\rsp\\lab6.py', reloading
2025-11-18 18:33:51,729 - INFO -  * Restarting with stat
2025-11-18 18:33:52,118 - TurkishSeriesAPI - INFO - ==================================================
2025-11-18 18:33:52,118 - TurkishSeriesAPI - INFO - 🚀 ЗАПУСК СЕРВЕРА ТУРЕЦКИХ СЕРИАЛОВ
2025-11-18 18:33:52,118 - TurkishSeriesAPI - INFO - 📊 Начальное количество сериалов: 3
2025-11-18 18:33:52,119 - TurkishSeriesAPI - INFO - 📍 Сервер доступен по: http://localhost:5000
2025-11-18 18:33:52,119 - TurkishSeriesAPI - INFO - ==================================================
2025-11-18 18:33:52,144 - werkzeug - WARNING -  * Debugger is active!
2025-11-18 18:33:52,150 - werkzeug - INFO -  * Debugger PIN: 120-158-020
2025-11-18 18:33:56,301 - TurkishSeriesAPI - INFO - ==================================================
2025-11-18 18:33:56,301 - TurkishSeriesAPI - INFO - 🚀 ЗАПУСК СЕРВЕРА ТУРЕЦКИХ СЕРИАЛОВ
2025-11-18 18:33:56,301 - TurkishSeriesAPI - INFO - 📊 Начальное количество сериалов: 3
2025-11-18 18:33:56,302 - TurkishSeriesAPI - INFO - 📍 Сервер доступен по: http://localhost:5000
2025-11-18 18:33:56,302 - TurkishSeriesAPI - INFO - ==================================================
2025-11-18 18:33:56,327 - werkzeug - INFO - [31m[1mWARNING: This is a development server. Do not use it in a production deployment. Use a production WSGI server instead.[0m
 * Running on http://127.0.0.1:5000
2025-11-18 18:33:56,327 - werkzeug - INFO - [33mPress CTRL+C to quit[0m
2025-11-18 18:33:56,329 - werkzeug - INFO -  * Restarting with stat
2025-11-18 18:33:56,576 - TurkishSeriesAPI - INFO - ==================================================
2025-11-18 18:33:56,576 - TurkishSeriesAPI - INFO - 🚀 ЗАПУСК СЕРВЕРА ТУРЕЦКИХ СЕРИАЛОВ
2025-11-18 18:33:56,576 - TurkishSeriesAPI - INFO - 📊 Начальное количество сериалов: 3
2025-11-18 18:33:56,577 - TurkishSeriesAPI - INFO - 📍 Сервер доступен по: http://localhost:5000
2025-11-18 18:33:56,577 - TurkishSeriesAPI - INFO - ==================================================
2025-11-18 18:33:56,592 - werkzeug - WARNING -  * Debugger is active!
2025-11-18 18:33:56,597 - werkzeug - INFO -  * Debugger PIN: 120-158-020
2025-11-18 18:34:03,633 - TurkishSeriesAPI - INFO - === ВХОДЯЩИЙ ЗАПРОС ===
2025-11-18 18:34:03,633 - TurkishSeriesAPI - INFO - Метод: GET
2025-11-18 18:34:03,633 - TurkishSeriesAPI - INFO - Путь: /series/2
2025-11-18 18:34:03,634 - TurkishSeriesAPI - INFO - IP: 127.0.0.1
2025-11-18 18:34:03,634 - TurkishSeriesAPI - INFO - Content-Type: None
2025-11-18 18:34:03,634 - TurkishSeriesAPI - INFO - Время: 2025-11-18 18:34:03.634204
2025-11-18 18:34:03,635 - TurkishSeriesAPI - INFO - === ИСХОДЯЩИЙ ОТВЕТ ===
2025-11-18 18:34:03,635 - TurkishSeriesAPI - INFO - Статус: 405
2025-11-18 18:34:03,635 - TurkishSeriesAPI - INFO - ======================
2025-11-18 18:34:03,636 - werkzeug - INFO - 127.0.0.1 - - [18/Nov/2025 18:34:03] "[31m[1mGET /series/2 HTTP/1.1[0m" 405 -
2025-11-18 18:34:18,403 - TurkishSeriesAPI - INFO - === ВХОДЯЩИЙ ЗАПРОС ===
2025-11-18 18:34:18,403 - TurkishSeriesAPI - INFO - Метод: GET
2025-11-18 18:34:18,403 - TurkishSeriesAPI - INFO - Путь: /series
2025-11-18 18:34:18,404 - TurkishSeriesAPI - INFO - IP: 127.0.0.1
2025-11-18 18:34:18,404 - TurkishSeriesAPI - INFO - Content-Type: None
2025-11-18 18:34:18,404 - TurkishSeriesAPI - INFO - Время: 2025-11-18 18:34:18.404634
2025-11-18 18:34:18,404 - TurkishSeriesAPI - INFO - 🔄 Обработка запроса всех сериалов
2025-11-18 18:34:18,404 - TurkishSeriesAPI - DEBUG - В базе найдено 3 сериалов
2025-11-18 18:34:18,404 - TurkishSeriesAPI - INFO - === ИСХОДЯЩИЙ ОТВЕТ ===
2025-11-18 18:34:18,405 - TurkishSeriesAPI - INFO - Статус: 200
2025-11-18 18:34:18,405 - TurkishSeriesAPI - INFO - ======================
2025-11-18 18:34:18,406 - werkzeug - INFO - 127.0.0.1 - - [18/Nov/2025 18:34:18] "GET /series HTTP/1.1" 200 -
2025-11-18 18:36:12,087 - TurkishSeriesAPI - INFO - === ВХОДЯЩИЙ ЗАПРОС ===
2025-11-18 18:36:12,087 - TurkishSeriesAPI - INFO - Метод: GET
2025-11-18 18:36:12,088 - TurkishSeriesAPI - INFO - Путь: /series/1
2025-11-18 18:36:12,088 - TurkishSeriesAPI - INFO - IP: 127.0.0.1
2025-11-18 18:36:12,088 - TurkishSeriesAPI - INFO - Content-Type: None
2025-11-18 18:36:12,088 - TurkishSeriesAPI - INFO - Время: 2025-11-18 18:36:12.088179
2025-11-18 18:36:12,089 - TurkishSeriesAPI - INFO - === ИСХОДЯЩИЙ ОТВЕТ ===
2025-11-18 18:36:12,089 - TurkishSeriesAPI - INFO - Статус: 405
2025-11-18 18:36:12,089 - TurkishSeriesAPI - INFO - ======================
2025-11-18 18:36:12,090 - werkzeug - INFO - 127.0.0.1 - - [18/Nov/2025 18:36:12] "[31m[1mGET /series/1 HTTP/1.1[0m" 405 -
2025-11-18 19:01:29,156 - werkzeug - INFO -  * Detected change in 'C:\\Users\\USER\\Desktop\\rsp\\lab6.py', reloading
2025-11-18 19:01:29,240 - werkzeug - INFO -  * Restarting with stat
2025-11-18 19:01:29,512 - TurkishSeriesAPI - INFO - ==================================================
2025-11-18 19:01:29,512 - TurkishSeriesAPI - INFO - 🚀 ЗАПУСК СЕРВЕРА ТУРЕЦКИХ СЕРИАЛОВ
2025-11-18 19:01:29,512 - TurkishSeriesAPI - INFO - 📊 Начальное количество сериалов: 3
2025-11-18 19:01:29,512 - TurkishSeriesAPI - INFO - 📍 Сервер доступен по: http://localhost:5000
2025-11-18 19:01:29,513 - TurkishSeriesAPI - INFO - ==================================================
2025-11-18 19:01:29,530 - werkzeug - WARNING -  * Debugger is active!
2025-11-18 19:01:29,537 - werkzeug - INFO -  * Debugger PIN: 120-158-020
2025-11-18 19:01:35,723 - TurkishSeriesAPI - INFO - ==================================================
2025-11-18 19:01:35,723 - TurkishSeriesAPI - INFO - 🚀 ЗАПУСК СЕРВЕРА ТУРЕЦКИХ СЕРИАЛОВ
2025-11-18 19:01:35,724 - TurkishSeriesAPI - INFO - 📊 Начальное количество сериалов: 3
2025-11-18 19:01:35,724 - TurkishSeriesAPI - INFO - 📍 Сервер доступен по: http://localhost:5000
2025-11-18 19:01:35,725 - TurkishSeriesAPI - INFO - ==================================================
2025-11-18 19:01:35,752 - werkzeug - INFO - [31m[1mWARNING: This is a development server. Do not use it in a production deployment. Use a production WSGI server instead.[0m
 * Running on http://127.0.0.1:5000
2025-11-18 19:01:35,753 - werkzeug - INFO - [33mPress CTRL+C to quit[0m
2025-11-18 19:01:35,753 - werkzeug - INFO -  * Restarting with stat
2025-11-18 19:01:35,983 - TurkishSeriesAPI - INFO - ==================================================
2025-11-18 19:01:35,983 - TurkishSeriesAPI - INFO - 🚀 ЗАПУСК СЕРВЕРА ТУРЕЦКИХ СЕРИАЛОВ
2025-11-18 19:01:35,983 - TurkishSeriesAPI - INFO - 📊 Начальное количество сериалов: 3
2025-11-18 19:01:35,984 - TurkishSeriesAPI - INFO - 📍 Сервер доступен по: http://localhost:5000
2025-11-18 19:01:35,984 - TurkishSeriesAPI - INFO - ==================================================
2025-11-18 19:01:35,998 - werkzeug - WARNING -  * Debugger is active!
2025-11-18 19:01:36,004 - werkzeug - INFO -  * Debugger PIN: 120-158-020
2025-11-18 19:01:46,662 - TurkishSeriesAPI - INFO - === ВХОДЯЩИЙ ЗАПРОС ===
2025-11-18 19:01:46,663 - TurkishSeriesAPI - INFO - Метод: GET
2025-11-18 19:01:46,663 - TurkishSeriesAPI - INFO - Путь: /series
2025-11-18 19:01:46,663 - TurkishSeriesAPI - INFO - IP: 127.0.0.1
2025-11-18 19:01:46,663 - TurkishSeriesAPI - INFO - Content-Type: None
2025-11-18 19:01:46,663 - TurkishSeriesAPI - INFO - Время: 2025-11-18 19:01:46.663809
2025-11-18 19:01:46,664 - TurkishSeriesAPI - INFO - 🔄 Обработка запроса всех сериалов
2025-11-18 19:01:46,664 - TurkishSeriesAPI - DEBUG - В базе найдено 3 сериалов
2025-11-18 19:01:46,664 - TurkishSeriesAPI - DEBUG -  - Великолепный век (ID: 1)
2025-11-18 19:01:46,664 - TurkishSeriesAPI - DEBUG -  - Любовь напрокат (ID: 2)
2025-11-18 19:01:46,664 - TurkishSeriesAPI - DEBUG -  - Постучи в мою дверь (ID: 3)
2025-11-18 19:01:46,665 - TurkishSeriesAPI - INFO - === ИСХОДЯЩИЙ ОТВЕТ ===
2025-11-18 19:01:46,665 - TurkishSeriesAPI - INFO - Статус: 200
2025-11-18 19:01:46,665 - TurkishSeriesAPI - INFO - ======================
2025-11-18 19:01:46,666 - werkzeug - INFO - 127.0.0.1 - - [18/Nov/2025 19:01:46] "GET /series HTTP/1.1" 200 -
2025-11-18 19:01:57,875 - TurkishSeriesAPI - INFO - === ВХОДЯЩИЙ ЗАПРОС ===
2025-11-18 19:01:57,875 - TurkishSeriesAPI - INFO - Метод: GET
2025-11-18 19:01:57,875 - TurkishSeriesAPI - INFO - Путь: /series/1
2025-11-18 19:01:57,876 - TurkishSeriesAPI - INFO - IP: 127.0.0.1
2025-11-18 19:01:57,876 - TurkishSeriesAPI - INFO - Content-Type: None
2025-11-18 19:01:57,876 - TurkishSeriesAPI - INFO - Время: 2025-11-18 19:01:57.876823
2025-11-18 19:01:57,876 - TurkishSeriesAPI - INFO - 🔍 Запрос на получение сериала ID: 1
2025-11-18 19:01:57,876 - TurkishSeriesAPI - INFO - ✅ Найден сериал: 'Великолепный век'
2025-11-18 19:01:57,877 - TurkishSeriesAPI - INFO - === ИСХОДЯЩИЙ ОТВЕТ ===
2025-11-18 19:01:57,877 - TurkishSeriesAPI - INFO - Статус: 200
2025-11-18 19:01:57,877 - TurkishSeriesAPI - INFO - ======================
2025-11-18 19:01:57,878 - werkzeug - INFO - 127.0.0.1 - - [18/Nov/2025 19:01:57] "GET /series/1 HTTP/1.1" 200 -
2025-11-18 19:02:05,268 - TurkishSeriesAPI - INFO - === ВХОДЯЩИЙ ЗАПРОС ===
2025-11-18 19:02:05,269 - TurkishSeriesAPI - INFO - Метод: PUT
2025-11-18 19:02:05,269 - TurkishSeriesAPI - INFO - Путь: /series/1
2025-11-18 19:02:05,269 - TurkishSeriesAPI - INFO - IP: 127.0.0.1
2025-11-18 19:02:05,269 - TurkishSeriesAPI - INFO - Content-Type: None
2025-11-18 19:02:05,269 - TurkishSeriesAPI - INFO - Время: 2025-11-18 19:02:05.269974
2025-11-18 19:02:05,270 - TurkishSeriesAPI - INFO - ✏️ Запрос на обновление сериала ID: 1
2025-11-18 19:02:05,270 - TurkishSeriesAPI - WARNING - ❌ Неверный Content-Type. Ожидается application/json
2025-11-18 19:02:05,270 - TurkishSeriesAPI - INFO - === ИСХОДЯЩИЙ ОТВЕТ ===
2025-11-18 19:02:05,270 - TurkishSeriesAPI - INFO - Статус: 415
2025-11-18 19:02:05,271 - TurkishSeriesAPI - INFO - ======================
2025-11-18 19:02:05,271 - werkzeug - INFO - 127.0.0.1 - - [18/Nov/2025 19:02:05] "[31m[1mPUT /series/1 HTTP/1.1[0m" 415 -
2025-11-18 19:02:17,370 - TurkishSeriesAPI - INFO - === ВХОДЯЩИЙ ЗАПРОС ===
2025-11-18 19:02:17,370 - TurkishSeriesAPI - INFO - Метод: PATCH
2025-11-18 19:02:17,371 - TurkishSeriesAPI - INFO - Путь: /series/1
2025-11-18 19:02:17,371 - TurkishSeriesAPI - INFO - IP: 127.0.0.1
2025-11-18 19:02:17,371 - TurkishSeriesAPI - INFO - Content-Type: None
2025-11-18 19:02:17,372 - TurkishSeriesAPI - INFO - Время: 2025-11-18 19:02:17.371370
2025-11-18 19:02:17,372 - TurkishSeriesAPI - INFO - === ИСХОДЯЩИЙ ОТВЕТ ===
2025-11-18 19:02:17,373 - TurkishSeriesAPI - INFO - Статус: 405
2025-11-18 19:02:17,373 - TurkishSeriesAPI - INFO - ======================
2025-11-18 19:02:17,373 - werkzeug - INFO - 127.0.0.1 - - [18/Nov/2025 19:02:17] "[31m[1mPATCH /series/1 HTTP/1.1[0m" 405 -
2025-11-18 19:02:23,802 - TurkishSeriesAPI - INFO - === ВХОДЯЩИЙ ЗАПРОС ===
2025-11-18 19:02:23,803 - TurkishSeriesAPI - INFO - Метод: DELETE
2025-11-18 19:02:23,803 - TurkishSeriesAPI - INFO - Путь: /series/1
2025-11-18 19:02:23,803 - TurkishSeriesAPI - INFO - IP: 127.0.0.1
2025-11-18 19:02:23,803 - TurkishSeriesAPI - INFO - Content-Type: None
2025-11-18 19:02:23,803 - TurkishSeriesAPI - INFO - Время: 2025-11-18 19:02:23.803704
2025-11-18 19:02:23,804 - TurkishSeriesAPI - INFO - 🗑️ Запрос на удаление сериала ID: 1
2025-11-18 19:02:23,804 - TurkishSeriesAPI - INFO - ✅ Удален сериал: 'Великолепный век' (ID: 1)
2025-11-18 19:02:23,805 - TurkishSeriesAPI - INFO - 📊 Осталось сериалов: 2
2025-11-18 19:02:23,805 - TurkishSeriesAPI - INFO - === ИСХОДЯЩИЙ ОТВЕТ ===
2025-11-18 19:02:23,805 - TurkishSeriesAPI - INFO - Статус: 200
2025-11-18 19:02:23,805 - TurkishSeriesAPI - INFO - ======================
2025-11-18 19:02:23,806 - werkzeug - INFO - 127.0.0.1 - - [18/Nov/2025 19:02:23] "DELETE /series/1 HTTP/1.1" 200 -
2025-11-18 19:02:32,862 - TurkishSeriesAPI - INFO - === ВХОДЯЩИЙ ЗАПРОС ===
2025-11-18 19:02:32,862 - TurkishSeriesAPI - INFO - Метод: GET
2025-11-18 19:02:32,863 - TurkishSeriesAPI - INFO - Путь: /series/1
2025-11-18 19:02:32,863 - TurkishSeriesAPI - INFO - IP: 127.0.0.1
2025-11-18 19:02:32,863 - TurkishSeriesAPI - INFO - Content-Type: None
2025-11-18 19:02:32,863 - TurkishSeriesAPI - INFO - Время: 2025-11-18 19:02:32.863882
2025-11-18 19:02:32,864 - TurkishSeriesAPI - INFO - 🔍 Запрос на получение сериала ID: 1
2025-11-18 19:02:32,864 - TurkishSeriesAPI - WARNING - ⚠️ Сериал с ID 1 не найден
2025-11-18 19:02:32,864 - TurkishSeriesAPI - INFO - === ИСХОДЯЩИЙ ОТВЕТ ===
2025-11-18 19:02:32,864 - TurkishSeriesAPI - INFO - Статус: 404
2025-11-18 19:02:32,865 - TurkishSeriesAPI - INFO - ======================
2025-11-18 19:02:32,865 - werkzeug - INFO - 127.0.0.1 - - [18/Nov/2025 19:02:32] "[33mGET /series/1 HTTP/1.1[0m" 404 -
2025-11-18 19:02:44,913 - TurkishSeriesAPI - INFO - === ВХОДЯЩИЙ ЗАПРОС ===
2025-11-18 19:02:44,913 - TurkishSeriesAPI - INFO - Метод: PUT
2025-11-18 19:02:44,914 - TurkishSeriesAPI - INFO - Путь: /series/2
2025-11-18 19:02:44,914 - TurkishSeriesAPI - INFO - IP: 127.0.0.1
2025-11-18 19:02:44,914 - TurkishSeriesAPI - INFO - Content-Type: None
2025-11-18 19:02:44,914 - TurkishSeriesAPI - INFO - Время: 2025-11-18 19:02:44.914833
2025-11-18 19:02:44,914 - TurkishSeriesAPI - INFO - ✏️ Запрос на обновление сериала ID: 2
2025-11-18 19:02:44,915 - TurkishSeriesAPI - WARNING - ❌ Неверный Content-Type. Ожидается application/json
2025-11-18 19:02:44,915 - TurkishSeriesAPI - INFO - === ИСХОДЯЩИЙ ОТВЕТ ===
2025-11-18 19:02:44,915 - TurkishSeriesAPI - INFO - Статус: 415
2025-11-18 19:02:44,915 - TurkishSeriesAPI - INFO - ======================
2025-11-18 19:02:44,916 - werkzeug - INFO - 127.0.0.1 - - [18/Nov/2025 19:02:44] "[31m[1mPUT /series/2 HTTP/1.1[0m" 415 -
2025-11-18 19:05:36,975 - TurkishSeriesAPI - INFO - === ВХОДЯЩИЙ ЗАПРОС ===
2025-11-18 19:05:36,975 - TurkishSeriesAPI - INFO - Метод: PUT
2025-11-18 19:05:36,976 - TurkishSeriesAPI - INFO - Путь: /series/2
2025-11-18 19:05:36,976 - TurkishSeriesAPI - INFO - IP: 127.0.0.1
2025-11-18 19:05:36,976 - TurkishSeriesAPI - INFO - Content-Type: application/json
2025-11-18 19:05:36,976 - TurkishSeriesAPI - INFO - Время: 2025-11-18 19:05:36.976780
2025-11-18 19:05:36,977 - TurkishSeriesAPI - INFO - ✏️ Запрос на обновление сериала ID: 2
2025-11-18 19:05:36,977 - TurkishSeriesAPI - INFO - Получены данные для обновления: {'episodes': 100, 'rating': 8.5}
2025-11-18 19:05:36,978 - TurkishSeriesAPI - INFO - ✅ Сериал обновлен: ID 2
2025-11-18 19:05:36,978 - TurkishSeriesAPI - INFO - 📝 Изменения: {'id': 2, 'title': 'Любовь напрокат', 'year': 2020, 'episodes': 52, 'rating': 7.8} -> {'id': 2, 'title': 'Любовь напрокат', 'year': 2020, 'episodes': 100, 'rating': 8.5}
2025-11-18 19:05:36,978 - TurkishSeriesAPI - INFO - === ИСХОДЯЩИЙ ОТВЕТ ===
2025-11-18 19:05:36,979 - TurkishSeriesAPI - INFO - Статус: 200
2025-11-18 19:05:36,979 - TurkishSeriesAPI - INFO - ======================
2025-11-18 19:05:36,980 - werkzeug - INFO - 127.0.0.1 - - [18/Nov/2025 19:05:36] "PUT /series/2 HTTP/1.1" 200 -
2025-11-18 19:05:52,539 - TurkishSeriesAPI - INFO - ==================================================
2025-11-18 19:05:52,540 - TurkishSeriesAPI - INFO - 🚀 ЗАПУСК СЕРВЕРА ТУРЕЦКИХ СЕРИАЛОВ
2025-11-18 19:05:52,540 - TurkishSeriesAPI - INFO - 📊 Начальное количество сериалов: 3
2025-11-18 19:05:52,541 - TurkishSeriesAPI - INFO - 📍 Сервер доступен по: http://localhost:5000
2025-11-18 19:05:52,541 - TurkishSeriesAPI - INFO - ==================================================
2025-11-18 19:05:52,574 - werkzeug - INFO - [31m[1mWARNING: This is a development server. Do not use it in a production deployment. Use a production WSGI server instead.[0m
 * Running on http://127.0.0.1:5000
2025-11-18 19:05:52,575 - werkzeug - INFO - [33mPress CTRL+C to quit[0m
2025-11-18 19:05:52,576 - werkzeug - INFO -  * Restarting with stat
2025-11-18 19:05:52,907 - TurkishSeriesAPI - INFO - ==================================================
2025-11-18 19:05:52,907 - TurkishSeriesAPI - INFO - 🚀 ЗАПУСК СЕРВЕРА ТУРЕЦКИХ СЕРИАЛОВ
2025-11-18 19:05:52,907 - TurkishSeriesAPI - INFO - 📊 Начальное количество сериалов: 3
2025-11-18 19:05:52,908 - TurkishSeriesAPI - INFO - 📍 Сервер доступен по: http://localhost:5000
2025-11-18 19:05:52,908 - TurkishSeriesAPI - INFO - ==================================================
2025-11-18 19:05:52,928 - werkzeug - WARNING -  * Debugger is active!
2025-11-18 19:05:52,936 - werkzeug - INFO -  * Debugger PIN: 120-158-020
2025-11-18 19:06:11,509 - TurkishSeriesAPI - INFO - === ВХОДЯЩИЙ ЗАПРОС ===
2025-11-18 19:06:11,509 - TurkishSeriesAPI - INFO - Метод: GET
2025-11-18 19:06:11,510 - TurkishSeriesAPI - INFO - Путь: /series/1
2025-11-18 19:06:11,510 - TurkishSeriesAPI - INFO - IP: 127.0.0.1
2025-11-18 19:06:11,510 - TurkishSeriesAPI - INFO - Content-Type: application/json
2025-11-18 19:06:11,510 - TurkishSeriesAPI - INFO - Время: 2025-11-18 19:06:11.510795
2025-11-18 19:06:11,511 - TurkishSeriesAPI - INFO - 🔍 Запрос на получение сериала ID: 1
2025-11-18 19:06:11,511 - TurkishSeriesAPI - INFO - ✅ Найден сериал: 'Великолепный век'
2025-11-18 19:06:11,511 - TurkishSeriesAPI - INFO - === ИСХОДЯЩИЙ ОТВЕТ ===
2025-11-18 19:06:11,511 - TurkishSeriesAPI - INFO - Статус: 200
2025-11-18 19:06:11,511 - TurkishSeriesAPI - INFO - ======================
2025-11-18 19:06:11,512 - werkzeug - INFO - 127.0.0.1 - - [18/Nov/2025 19:06:11] "GET /series/1 HTTP/1.1" 200 -
2025-11-18 19:06:17,340 - TurkishSeriesAPI - INFO - === ВХОДЯЩИЙ ЗАПРОС ===
2025-11-18 19:06:17,340 - TurkishSeriesAPI - INFO - Метод: GET
2025-11-18 19:06:17,340 - TurkishSeriesAPI - INFO - Путь: /series/
2025-11-18 19:06:17,340 - TurkishSeriesAPI - INFO - IP: 127.0.0.1
2025-11-18 19:06:17,341 - TurkishSeriesAPI - INFO - Content-Type: application/json
2025-11-18 19:06:17,341 - TurkishSeriesAPI - INFO - Время: 2025-11-18 19:06:17.341075
2025-11-18 19:06:17,342 - TurkishSeriesAPI - INFO - === ИСХОДЯЩИЙ ОТВЕТ ===
2025-11-18 19:06:17,342 - TurkishSeriesAPI - INFO - Статус: 404
2025-11-18 19:06:17,342 - TurkishSeriesAPI - INFO - ======================
2025-11-18 19:06:17,343 - werkzeug - INFO - 127.0.0.1 - - [18/Nov/2025 19:06:17] "[33mGET /series/ HTTP/1.1[0m" 404 -
2025-11-18 19:06:21,745 - TurkishSeriesAPI - INFO - === ВХОДЯЩИЙ ЗАПРОС ===
2025-11-18 19:06:21,745 - TurkishSeriesAPI - INFO - Метод: GET
2025-11-18 19:06:21,745 - TurkishSeriesAPI - INFO - Путь: /series
2025-11-18 19:06:21,745 - TurkishSeriesAPI - INFO - IP: 127.0.0.1
2025-11-18 19:06:21,746 - TurkishSeriesAPI - INFO - Content-Type: application/json
2025-11-18 19:06:21,746 - TurkishSeriesAPI - INFO - Время: 2025-11-18 19:06:21.746442
2025-11-18 19:06:21,746 - TurkishSeriesAPI - INFO - 🔄 Обработка запроса всех сериалов
2025-11-18 19:06:21,747 - TurkishSeriesAPI - DEBUG - В базе найдено 3 сериалов
2025-11-18 19:06:21,747 - TurkishSeriesAPI - DEBUG -  - Великолепный век (ID: 1)
2025-11-18 19:06:21,747 - TurkishSeriesAPI - DEBUG -  - Любовь напрокат (ID: 2)
2025-11-18 19:06:21,747 - TurkishSeriesAPI - DEBUG -  - Постучи в мою дверь (ID: 3)
2025-11-18 19:06:21,748 - TurkishSeriesAPI - INFO - === ИСХОДЯЩИЙ ОТВЕТ ===
2025-11-18 19:06:21,748 - TurkishSeriesAPI - INFO - Статус: 200
2025-11-18 19:06:21,748 - TurkishSeriesAPI - INFO - ======================
2025-11-18 19:06:21,749 - werkzeug - INFO - 127.0.0.1 - - [18/Nov/2025 19:06:21] "GET /series HTTP/1.1" 200 -
2025-11-18 19:06:50,644 - TurkishSeriesAPI - INFO - === ВХОДЯЩИЙ ЗАПРОС ===
2025-11-18 19:06:50,645 - TurkishSeriesAPI - INFO - Метод: PUT
2025-11-18 19:06:50,645 - TurkishSeriesAPI - INFO - Путь: /series/2
2025-11-18 19:06:50,646 - TurkishSeriesAPI - INFO - IP: 127.0.0.1
2025-11-18 19:06:50,646 - TurkishSeriesAPI - INFO - Content-Type: application/json
2025-11-18 19:06:50,646 - TurkishSeriesAPI - INFO - Время: 2025-11-18 19:06:50.646628
2025-11-18 19:06:50,646 - TurkishSeriesAPI - INFO - ✏️ Запрос на обновление сериала ID: 2
2025-11-18 19:06:50,647 - TurkishSeriesAPI - INFO - Получены данные для обновления: {'episodes': 100, 'rating': 8.5}
2025-11-18 19:06:50,647 - TurkishSeriesAPI - INFO - ✅ Сериал обновлен: ID 2
2025-11-18 19:06:50,647 - TurkishSeriesAPI - INFO - 📝 Изменения: {'id': 2, 'title': 'Любовь напрокат', 'year': 2020, 'episodes': 52, 'rating': 7.8} -> {'id': 2, 'title': 'Любовь напрокат', 'year': 2020, 'episodes': 100, 'rating': 8.5}
2025-11-18 19:06:50,648 - TurkishSeriesAPI - INFO - === ИСХОДЯЩИЙ ОТВЕТ ===
2025-11-18 19:06:50,648 - TurkishSeriesAPI - INFO - Статус: 200
2025-11-18 19:06:50,648 - TurkishSeriesAPI - INFO - ======================
2025-11-18 19:06:50,649 - werkzeug - INFO - 127.0.0.1 - - [18/Nov/2025 19:06:50] "PUT /series/2 HTTP/1.1" 200 -
2025-11-18 19:08:50,561 - TurkishSeriesAPI - INFO - === ВХОДЯЩИЙ ЗАПРОС ===
2025-11-18 19:08:50,561 - TurkishSeriesAPI - INFO - Метод: POST
2025-11-18 19:08:50,562 - TurkishSeriesAPI - INFO - Путь: /series/4
2025-11-18 19:08:50,562 - TurkishSeriesAPI - INFO - IP: 127.0.0.1
2025-11-18 19:08:50,562 - TurkishSeriesAPI - INFO - Content-Type: application/json
2025-11-18 19:08:50,562 - TurkishSeriesAPI - INFO - Время: 2025-11-18 19:08:50.562936
2025-11-18 19:08:50,563 - TurkishSeriesAPI - INFO - === ИСХОДЯЩИЙ ОТВЕТ ===
2025-11-18 19:08:50,563 - TurkishSeriesAPI - INFO - Статус: 405
2025-11-18 19:08:50,563 - TurkishSeriesAPI - INFO - ======================
2025-11-18 19:08:50,564 - werkzeug - INFO - 127.0.0.1 - - [18/Nov/2025 19:08:50] "[31m[1mPOST /series/4 HTTP/1.1[0m" 405 -
2025-11-18 19:10:16,534 - TurkishSeriesAPI - INFO - === ВХОДЯЩИЙ ЗАПРОС ===
2025-11-18 19:10:16,535 - TurkishSeriesAPI - INFO - Метод: POST
2025-11-18 19:10:16,535 - TurkishSeriesAPI - INFO - Путь: /series/4
2025-11-18 19:10:16,535 - TurkishSeriesAPI - INFO - IP: 127.0.0.1
2025-11-18 19:10:16,536 - TurkishSeriesAPI - INFO - Content-Type: application/json
2025-11-18 19:10:16,536 - TurkishSeriesAPI - INFO - Время: 2025-11-18 19:10:16.536639
2025-11-18 19:10:16,537 - TurkishSeriesAPI - INFO - === ИСХОДЯЩИЙ ОТВЕТ ===
2025-11-18 19:10:16,537 - TurkishSeriesAPI - INFO - Статус: 405
2025-11-18 19:10:16,537 - TurkishSeriesAPI - INFO - ======================
2025-11-18 19:10:16,538 - werkzeug - INFO - 127.0.0.1 - - [18/Nov/2025 19:10:16] "[31m[1mPOST /series/4 HTTP/1.1[0m" 405 -
2025-11-18 19:10:27,709 - TurkishSeriesAPI - INFO - === ВХОДЯЩИЙ ЗАПРОС ===
2025-11-18 19:10:27,710 - TurkishSeriesAPI - INFO - Метод: POST
2025-11-18 19:10:27,710 - TurkishSeriesAPI - INFO - Путь: /series
2025-11-18 19:10:27,710 - TurkishSeriesAPI - INFO - IP: 127.0.0.1
2025-11-18 19:10:27,710 - TurkishSeriesAPI - INFO - Content-Type: application/json
2025-11-18 19:10:27,711 - TurkishSeriesAPI - INFO - Время: 2025-11-18 19:10:27.711934
2025-11-18 19:10:27,711 - TurkishSeriesAPI - INFO - 🆕 Обработка добавления нового сериала
2025-11-18 19:10:27,711 - TurkishSeriesAPI - INFO - Получены данные: {'episodes': 68, 'rating': 8.5, 'title': 'Зимородок', 'year': 2022}
2025-11-18 19:10:27,711 - TurkishSeriesAPI - INFO - ✅ Добавлен новый сериал: 'Зимородок' (ID: 4)
2025-11-18 19:10:27,712 - TurkishSeriesAPI - INFO - 📊 Теперь в базе: 4 сериалов
2025-11-18 19:10:27,712 - TurkishSeriesAPI - INFO - === ИСХОДЯЩИЙ ОТВЕТ ===
2025-11-18 19:10:27,712 - TurkishSeriesAPI - INFO - Статус: 201
2025-11-18 19:10:27,712 - TurkishSeriesAPI - INFO - ======================
2025-11-18 19:10:27,713 - werkzeug - INFO - 127.0.0.1 - - [18/Nov/2025 19:10:27] "[35m[1mPOST /series HTTP/1.1[0m" 201 -
2025-11-18 19:10:55,418 - TurkishSeriesAPI - INFO - === ВХОДЯЩИЙ ЗАПРОС ===
2025-11-18 19:10:55,418 - TurkishSeriesAPI - INFO - Метод: GET
2025-11-18 19:10:55,418 - TurkishSeriesAPI - INFO - Путь: /series
2025-11-18 19:10:55,419 - TurkishSeriesAPI - INFO - IP: 127.0.0.1
2025-11-18 19:10:55,419 - TurkishSeriesAPI - INFO - Content-Type: application/json
2025-11-18 19:10:55,419 - TurkishSeriesAPI - INFO - Время: 2025-11-18 19:10:55.419211
2025-11-18 19:10:55,419 - TurkishSeriesAPI - INFO - 🔄 Обработка запроса всех сериалов
2025-11-18 19:10:55,420 - TurkishSeriesAPI - DEBUG - В базе найдено 4 сериалов
2025-11-18 19:10:55,420 - TurkishSeriesAPI - DEBUG -  - Великолепный век (ID: 1)
2025-11-18 19:10:55,420 - TurkishSeriesAPI - DEBUG -  - Любовь напрокат (ID: 2)
2025-11-18 19:10:55,420 - TurkishSeriesAPI - DEBUG -  - Постучи в мою дверь (ID: 3)
2025-11-18 19:10:55,421 - TurkishSeriesAPI - DEBUG -  - Зимородок (ID: 4)
2025-11-18 19:10:55,421 - TurkishSeriesAPI - INFO - === ИСХОДЯЩИЙ ОТВЕТ ===
2025-11-18 19:10:55,421 - TurkishSeriesAPI - INFO - Статус: 200
2025-11-18 19:10:55,422 - TurkishSeriesAPI - INFO - ======================
2025-11-18 19:10:55,422 - werkzeug - INFO - 127.0.0.1 - - [18/Nov/2025 19:10:55] "GET /series HTTP/1.1" 200 -
